d:\codeproject\newqtcode\myapp\myapp\x64\debug\vc142.pdb
d:\codeproject\newqtcode\myapp\myapp\x64\debug\vc142.idb
d:\codeproject\newqtcode\myapp\myapp\x64\debug\qrc_myapp.obj
d:\codeproject\newqtcode\myapp\myapp\x64\debug\main.obj
d:\codeproject\newqtcode\myapp\myapp\x64\debug\myapp.obj
d:\codeproject\newqtcode\myapp\myapp\x64\debug\algorithmicregion.obj
d:\codeproject\newqtcode\myapp\myapp\x64\debug\moc_myapp.obj
d:\codeproject\newqtcode\myapp\myapp\x64\debug\moc_algorithmicregion.obj
d:\codeproject\newqtcode\myapp\myapp\x64\debug\algtreewidget.obj
d:\codeproject\newqtcode\myapp\myapp\x64\debug\moc_algtreewidget.obj
d:\codeproject\newqtcode\myapp\x64\debug\myapp.exe
d:\codeproject\newqtcode\myapp\myapp\x64\debug\myapp.ilk
d:\codeproject\newqtcode\myapp\x64\debug\myapp.pdb
d:\codeproject\newqtcode\myapp\myapp\x64\debug\qt\moc\moc_algtreewidget.cpp
d:\codeproject\newqtcode\myapp\myapp\x64\debug\qt\uic\ui_myapp.h
d:\codeproject\newqtcode\myapp\myapp\x64\debug\qt\rcc\qrc_myapp.cpp
d:\codeproject\newqtcode\myapp\myapp\x64\debug\qt\moc\moc_myapp.cpp
d:\codeproject\newqtcode\myapp\myapp\x64\debug\qt\uic\ui_algorithmicregion.h
d:\codeproject\newqtcode\myapp\myapp\x64\debug\qt\moc\moc_algorithmicregion.cpp
d:\codeproject\newqtcode\myapp\myapp\x64\debug\qt\moc\moc_c.cpp
d:\codeproject\newqtcode\myapp\myapp\x64\debug\qt\moc\moc_qtclass.cpp
d:\codeproject\newqtcode\myapp\myapp\x64\debug\myapp.tlog\cl.command.1.tlog
d:\codeproject\newqtcode\myapp\myapp\x64\debug\myapp.tlog\cl.read.1.tlog
d:\codeproject\newqtcode\myapp\myapp\x64\debug\myapp.tlog\cl.write.1.tlog
d:\codeproject\newqtcode\myapp\myapp\x64\debug\myapp.tlog\link.command.1.tlog
d:\codeproject\newqtcode\myapp\myapp\x64\debug\myapp.tlog\link.read.1.tlog
d:\codeproject\newqtcode\myapp\myapp\x64\debug\myapp.tlog\link.write.1.tlog
d:\codeproject\newqtcode\myapp\myapp\x64\debug\myapp.tlog\moc.read.1u.tlog
d:\codeproject\newqtcode\myapp\myapp\x64\debug\myapp.tlog\moc.write.1u.tlog
d:\codeproject\newqtcode\myapp\myapp\x64\debug\myapp.tlog\myapp.write.1u.tlog
d:\codeproject\newqtcode\myapp\myapp\x64\debug\myapp.tlog\rcc.read.1u.tlog
d:\codeproject\newqtcode\myapp\myapp\x64\debug\myapp.tlog\rcc.write.1u.tlog
d:\codeproject\newqtcode\myapp\myapp\x64\debug\myapp.tlog\uic.read.1u.tlog
d:\codeproject\newqtcode\myapp\myapp\x64\debug\myapp.tlog\uic.write.1u.tlog
